
> ruturaj-nawale-portfolio@1.0.0 build
> next build

Γû▓ Next.js 16.1.6 (Turbopack)
- Experiments (use with caution):
  ┬╖ optimizePackageImports

  Creating an optimized production build ...
Γ£ô Compiled successfully in 4.8s
  Running TypeScript ...
node.exe : Failed to 
compile.
At C:\Program Files\n
odejs\npm.ps1:29 
char:3
+   & $NODE_EXE 
$NPM_CLI_JS $args
+   ~~~~~~~~~~~~~~~~~
~~~~~~~~~~~~
    + CategoryInfo   
           : NotSpe  
  cified: (Failed    
 to compile.:Stri    
ng) [], RemoteEx    
ception
    + FullyQualified 
   ErrorId : Native  
  CommandError
 

./src/components/sect
ions/Hero3D.tsx:202:1
0
Type error: Property 
'args' is missing in 
type '{ attach: 
string; count: 
number; array: Float3
2Array<ArrayBuffer>; 
itemSize: number; }' 
but required in type 
'Mutable<Overwrite<Pa
rtial<Overwrite<Buffe
rAttribute, MathProps
<BufferAttribute> & R
eactProps<BufferAttri
bute>>>, 
Omit<...>>>'.

[0m [90m 200 
|[39m     
[33m>[39m
 [90m 201 |[39m    
   [33m<[39m[33mbu
fferGeometry[39m[33
m>[39m
[31m[1m>[22m[39m
[90m 202 |[39m      
   [33m<[39m[33mbu
fferAttribute[39m
 [90m     |[39m    
      
[31m[1m^[22m[39m
 [90m 203 |[39m    
       attach[33m=[
39m[32m"attributes-p
osition"[39m
 [90m 204 |[39m    
       count[33m=[3
9m{particleCount}
 [90m 205 |[39m    
       array[33m=[3
9m{positions}[0m
Next.js build worker 
exited with code: 1 
and signal: null
